// Jest Snapshot v1, https://goo.gl/fbAQLP

exports[`matches snapshot 1`] = `
<DocumentFragment>
  <div>
    <div>
      <form>
        <label
          for="height"
        >
          Height
        </label>
        <input
          data-testid="height"
          id="height"
          name="height"
          placeholder="height"
          type="number"
          value=""
        />
        <label
          for="width"
        >
          Width
        </label>
        <input
          data-testid="width"
          id="width"
          name="width"
          placeholder="width"
          type="number"
          value=""
        />
        <label
          for="backgroundColor"
        >
          Background Color
        </label>
        <input
          data-testid="backgroundColor"
          id="backgroundColor"
          name="backgroundColor"
          placeholder="background color"
          type="text"
          value=""
        />
        <button>
          Add Box
        </button>
      </form>
    </div>
    <h3>
      Created Boxes
    </h3>
    <div>
      <div>
        <div
          style="height: 0px; width: 0px; display: inline-block;"
        />
      </div>
    </div>
  </div>
</DocumentFragment>
`;
