// Jest Snapshot v1, https://goo.gl/fbAQLP

exports[`matches snapshot 1`] = `
<DocumentFragment>
  <div>
    <h3>
      Todo List
    </h3>
    <div>
      <form>
        <label
          for="todo"
        >
          New Todo
        </label>
        <input
          data-testid="todo"
          id="todo"
          name="todo"
          placeholder="New Todo"
          type="text"
          value=""
        />
        <button>
          Add Todo
        </button>
      </form>
    </div>
    <div />
  </div>
</DocumentFragment>
`;
